'ZeroFree.ellLo_lt_ellHi' depends on axioms: [propext, Classical.choice, Quot.sound]
'ZeroFree.ellLo_coarse' depends on axioms: [propext, Classical.choice, Quot.sound]
'ZeroFree.ellHi_coarse' depends on axioms: [propext, Classical.choice, Quot.sound]
'ZeroFree.cubic_ellLo_pos' depends on axioms: [propext, Classical.choice, Quot.sound]
'ZeroFree.cubic_ellHi_neg' depends on axioms: [propext, Classical.choice, Quot.sound]
'ZeroFree.cubic_strictAnti' depends on axioms: [propext, Classical.choice, Quot.sound]
'ZeroFree.cubic_roots_eq' depends on axioms: [propext, Classical.choice, Quot.sound]
'ZeroFree.exists_root_isolated' depends on axioms: [propext, Classical.choice, Quot.sound]
'ZeroFree.existsUnique_root_isolated' depends on axioms: [propext, Classical.choice, Quot.sound]
'ZeroFree.ellStar_spec' depends on axioms: [propext, Classical.choice, Quot.sound]
'ZeroFree.ellStar_coarse' depends on axioms: [propext, Classical.choice, Quot.sound]
'ZeroFree.ellStar_unique' depends on axioms: [propext, Classical.choice, Quot.sound]
'ZeroFree.sigmaStar_cubic' depends on axioms: [propext, Classical.choice, Quot.sound]
'ZeroFree.sigmaStar_isolated' depends on axioms: [propext, Classical.choice, Quot.sound]
'ZeroFree.sigmaStar_lt_69999_80000' depends on axioms: [propext, Classical.choice, Quot.sound]
'ZeroFree.sigmaStar_lt_seven_eighths' depends on axioms: [propext, Classical.choice, Quot.sound]
'ZeroFree.kappaStar_identity' depends on axioms: [propext, Classical.choice, Quot.sound]
'ZeroFree.sigmaStar_decimal_isolated' depends on axioms: [propext, Classical.choice, Quot.sound]
'ZeroFree.kappaStar_range' depends on axioms: [propext, Classical.choice, Quot.sound]
'ZeroFree.sqrt921_isolated' depends on axioms: [propext, Classical.choice, Quot.sound]
'ZeroFree.sigmaStar_lt_sigmaFreeB' depends on axioms: [propext, Classical.choice, Quot.sound]
'ZeroFree.freeB_improvement_isolated' depends on axioms: [propext, Classical.choice, Quot.sound]
'ZeroFree.bStar_range' depends on axioms: [propext, Classical.choice, Quot.sound]
'ZeroFree.Certificate.interval_squares' depends on axioms: [propext, Classical.choice, Quot.sound]
'ZeroFree.Certificate.a0_pos' depends on axioms: [propext, Classical.choice, Quot.sound]
'ZeroFree.Certificate.a1_pos' depends on axioms: [propext, Classical.choice, Quot.sound]
'ZeroFree.Certificate.a2_pos' depends on axioms: [propext, Classical.choice, Quot.sound]
'ZeroFree.Certificate.a3_pos' depends on axioms: [propext, Classical.choice, Quot.sound]
'ZeroFree.Certificate.c0_pos' depends on axioms: [propext, Classical.choice, Quot.sound]
'ZeroFree.Certificate.c1_pos' depends on axioms: [propext, Classical.choice, Quot.sound]
'ZeroFree.Certificate.q1_pos' depends on axioms: [propext, Classical.choice, Quot.sound]
'ZeroFree.Certificate.q2_pos' depends on axioms: [propext, Classical.choice, Quot.sound]
'ZeroFree.Certificate.q3_pos' depends on axioms: [propext, Classical.choice, Quot.sound]
'ZeroFree.Certificate.q4_pos' depends on axioms: [propext, Classical.choice, Quot.sound]
'ZeroFree.Certificate.c_pos' depends on axioms: [propext, Classical.choice, Quot.sound]
'ZeroFree.Certificate.c_lt_half' depends on axioms: [propext, Classical.choice, Quot.sound]
'ZeroFree.Certificate.a_reduction' depends on axioms: [propext, Classical.choice, Quot.sound]
'ZeroFree.Certificate.b_reduction' depends on axioms: [propext, Classical.choice, Quot.sound]
'ZeroFree.Certificate.c_reduction' depends on axioms: [propext, Classical.choice, Quot.sound]
'ZeroFree.Certificate.q_reduction' depends on axioms: [propext, Classical.choice, Quot.sound]
'ZeroFree.Certificate.c_inverse' depends on axioms: [propext, Classical.choice, Quot.sound]
'ZeroFree.Certificate.a_positive' depends on axioms: [propext, Classical.choice, Quot.sound]
'ZeroFree.Certificate.q_nonnegative' depends on axioms: [propext, Classical.choice, Quot.sound]
'ZeroFree.Certificate.quadratic_nonnegative' depends on axioms: [propext, Classical.choice, Quot.sound]
'ZeroFree.Certificate.continuous_certificate' depends on axioms: [propext, Classical.choice, Quot.sound]
'ZeroFree.Certificate.j_positive' depends on axioms: [propext, Classical.choice, Quot.sound]
'ZeroFree.Certificate.endpoint_identity' depends on axioms: [propext, Classical.choice, Quot.sound]
'ZeroFree.Certificate.endpoint_nonpositive' depends on axioms: [propext, Classical.choice, Quot.sound]
'ZeroFree.Geometry.minimum_M_prime_pos' depends on axioms: [propext, Classical.choice, Quot.sound]
'ZeroFree.Geometry.minimum_lx_prime_pos' depends on axioms: [propext, Classical.choice, Quot.sound]
'ZeroFree.Geometry.minimum_ly_prime_pos' depends on axioms: [propext, Classical.choice, Quot.sound]
'ZeroFree.Geometry.principal_w_pos' depends on axioms: [propext, Classical.choice, Quot.sound]
'ZeroFree.Geometry.principal_z_pos' depends on axioms: [propext, Classical.choice, Quot.sound]
'ZeroFree.Geometry.b_positive_pos' depends on axioms: [propext, Classical.choice, Quot.sound]
'ZeroFree.Geometry.gram_margin_pos' depends on axioms: [propext, Classical.choice, Quot.sound]
'ZeroFree.Geometry.supply_margin_pos' depends on axioms: [propext, Classical.choice, Quot.sound]
'ZeroFree.Geometry.outer_ceiling_pos' depends on axioms: [propext, Classical.choice, Quot.sound]
'ZeroFree.Geometry.floor_margin_pos' depends on axioms: [propext, Classical.choice, Quot.sound]
'ZeroFree.Geometry.middle_margin_pos' depends on axioms: [propext, Classical.choice, Quot.sound]
'ZeroFree.Geometry.small_margin_pos' depends on axioms: [propext, Classical.choice, Quot.sound]
'ZeroFree.Geometry.good_euler_margin_pos' depends on axioms: [propext, Classical.choice, Quot.sound]
'ZeroFree.Geometry.ramified_euler_margin_pos' depends on axioms: [propext, Classical.choice, Quot.sound]
'ZeroFree.Geometry.small_box_margin_pos' depends on axioms: [propext, Classical.choice, Quot.sound]
'ZeroFree.Geometry.zeta_ceiling_margin_pos' depends on axioms: [propext, Classical.choice, Quot.sound]
'ZeroFree.Geometry.plain_terminal_budget' depends on axioms: [propext, Classical.choice, Quot.sound]
'ZeroFree.Geometry.plain_comparison_slack' depends on axioms: [propext, Classical.choice, Quot.sound]
'ZeroFree.Geometry.same_band_slots' depends on axioms: [propext, Classical.choice, Quot.sound]
'ZeroFree.Geometry.feedback_rational_bound' depends on axioms: [propext, Classical.choice, Quot.sound]
'ZeroFree.Geometry.central_saving_identity' depends on axioms: [propext, Classical.choice, Quot.sound]
'ZeroFree.Geometry.minimum_M_prime_identity' depends on axioms: [propext, Classical.choice, Quot.sound]
'ZeroFree.Geometry.minimum_lx_prime_identity' depends on axioms: [propext, Classical.choice, Quot.sound]
'ZeroFree.Geometry.minimum_ly_prime_identity' depends on axioms: [propext, Classical.choice, Quot.sound]
'ZeroFree.Geometry.principal_w_identity' depends on axioms: [propext, Classical.choice, Quot.sound]
'ZeroFree.Geometry.principal_z_identity' depends on axioms: [propext, Classical.choice, Quot.sound]
'ZeroFree.Geometry.b_positive_identity' depends on axioms: [propext, Classical.choice, Quot.sound]
'ZeroFree.Geometry.gram_margin_identity' depends on axioms: [propext, Classical.choice, Quot.sound]
'ZeroFree.Geometry.supply_margin_identity' depends on axioms: [propext, Classical.choice, Quot.sound]
'ZeroFree.Geometry.outer_ceiling_identity' depends on axioms: [propext, Classical.choice, Quot.sound]
'ZeroFree.Geometry.floor_margin_identity' depends on axioms: [propext, Classical.choice, Quot.sound]
'ZeroFree.Geometry.middle_margin_identity' depends on axioms: [propext, Classical.choice, Quot.sound]
'ZeroFree.Geometry.small_margin_identity' depends on axioms: [propext, Classical.choice, Quot.sound]
'ZeroFree.Geometry.good_euler_margin_identity' depends on axioms: [propext, Classical.choice, Quot.sound]
'ZeroFree.Geometry.ramified_euler_margin_identity' depends on axioms: [propext, Classical.choice, Quot.sound]
'ZeroFree.Geometry.small_box_margin_identity' depends on axioms: [propext, Classical.choice, Quot.sound]
'ZeroFree.Geometry.zeta_ceiling_margin_identity' depends on axioms: [propext, Classical.choice, Quot.sound]
'ZeroFree.Feedback.shape_bound' depends on axioms: [propext, Classical.choice, Quot.sound]
'ZeroFree.Feedback.D_ge_two' depends on axioms: [propext, Classical.choice, Quot.sound]
'ZeroFree.Feedback.P_nonneg' depends on axioms: [propext, Classical.choice, Quot.sound]
'ZeroFree.Feedback.J_lower' depends on axioms: [propext, Classical.choice, Quot.sound]
'ZeroFree.Feedback.J_pos' depends on axioms: [propext, Classical.choice, Quot.sound]
'ZeroFree.Feedback.count_difference' depends on axioms: [propext, Classical.choice, Quot.sound]
'ZeroFree.Feedback.difference_coefficient_bound' depends on axioms: [propext, Classical.choice, Quot.sound]
'ZeroFree.Feedback.count_increment' depends on axioms: [propext, Classical.choice, Quot.sound]
'ZeroFree.Feedback.endpoint_saving' depends on axioms: [propext, Classical.choice, Quot.sound]
'ZeroFree.Feedback.extended_saving' depends on axioms: [propext, Classical.choice, Quot.sound]
'ZeroFree.Feedback.full_feedback_saving' depends on axioms: [propext, Classical.choice, Quot.sound]
'ZeroFree.Feedback.count_bounds' depends on axioms: [propext, Classical.choice, Quot.sound]
'ZeroFree.Feedback.physical_slope_bounds' depends on axioms: [propext, Classical.choice, Quot.sound]
'ZeroFree.Feedback.physical_feedback_saving' depends on axioms: [propext, Classical.choice, Quot.sound]
'ZeroFree.Feedback.actual_parameter_range' depends on axioms: [propext, Classical.choice, Quot.sound]
'ZeroFree.UpstreamSupremum.continuationMargin_pos' depends on axioms: [propext, Classical.choice, Quot.sound]
'ZeroFree.UpstreamSupremum.continuationMargin_le_gap' depends on axioms: [propext, Classical.choice, Quot.sound]
'ZeroFree.UpstreamSupremum.continuationMargin_le_sigma' depends on axioms: [propext, Classical.choice, Quot.sound]
'ZeroFree.UpstreamSupremum.continuation_boundary_gt' depends on axioms: [propext, Classical.choice, Quot.sound]
'ZeroFree.UpstreamSupremum.max_signal_exponents' depends on axioms: [propext, Classical.choice, Quot.sound]
'ZeroFree.UpstreamSupremum.max_normalized_signal_exponents' depends on axioms: [propext, Classical.choice, Quot.sound]
'ZeroFree.UpstreamSupremum.exists_gt_supremum_sub' depends on axioms: [propext, Classical.choice, Quot.sound]
'ZeroFree.UpstreamSupremum.uniform_bound_below_supremum_false' depends on axioms: [propext,
 Classical.choice,
 Quot.sound]
'ZeroFree.UpstreamSupremum.exists_gt_supremum_sub_of_insert' depends on axioms: [propext, Classical.choice, Quot.sound]
'ZeroFree.UpstreamSupremum.seven_eighths_of_uniform_margin' depends on axioms: [propext, Classical.choice, Quot.sound]
'ZeroFree.UpstreamSupremum.seven_eighths_of_uniform_margin_with_sentinel' depends on axioms: [propext,
 Classical.choice,
 Quot.sound]
'ZeroFree.Continuation.rpow_isBigO_atTop_of_le' depends on axioms: [propext, Classical.choice, Quot.sound]
'ZeroFree.Continuation.common_signal_bound' depends on axioms: [propext, Classical.choice, Quot.sound]
'ZeroFree.Continuation.common_signal_bound_with_margin' depends on axioms: [propext, Classical.choice, Quot.sound]
'ZeroFree.Continuation.signalMellin_convergent' depends on axioms: [propext, Classical.choice, Quot.sound]
'ZeroFree.Continuation.signalMellin_analytic' depends on axioms: [propext, Classical.choice, Quot.sound]
'ZeroFree.Continuation.product_identity_on_halfPlane' depends on axioms: [propext, Classical.choice, Quot.sound]
'ZeroFree.Continuation.nonzero_of_regularized_signal' depends on axioms: [propext, Classical.choice, Quot.sound]
'ZeroFree.Continuation.multiplier_ne_zero' depends on axioms: [propext, Classical.choice, Quot.sound]
'ZeroFree.Continuation.gaussianMultiplier_analytic' depends on axioms: [propext, Classical.choice, Quot.sound]
'ZeroFree.Continuation.gaussianMultiplier_ne_zero' depends on axioms: [propext, Classical.choice, Quot.sound]
'ZeroFree.Continuation.nonzero_of_common_signal' depends on axioms: [propext, Classical.choice, Quot.sound]
'ZeroFree.Signal.margin_pos' depends on axioms: [propext, Classical.choice, Quot.sound]
'ZeroFree.Signal.continuation_boundary_gt' depends on axioms: [propext, Classical.choice, Quot.sound]
'ZeroFree.Signal.max_signal_exponents' depends on axioms: [propext, Classical.choice, Quot.sound]
'ZeroFree.Signal.common_signal_bound_with_margin' depends on axioms: [propext, Classical.choice, Quot.sound]
'ZeroFree.Signal.nonzero_of_common_signal' depends on axioms: [propext, Classical.choice, Quot.sound]
'ZeroFree.Signal.riemannZeta_ne_zero_of_signal' depends on axioms: [propext, Classical.choice, Quot.sound]
'ZeroFree.Family.SignalData.nonzero' depends on axioms: [propext, Classical.choice, Quot.sound]
'ZeroFree.Family.supremum_le_of_signal_data' depends on axioms: [propext, Classical.choice, Quot.sound]
'ZeroFree.Family.no_zero_of_signal_data' depends on axioms: [propext, Classical.choice, Quot.sound]
'ZeroFree.certificate_root' depends on axioms: [propext, Classical.choice, Quot.sound]
'ZeroFree.certificate_lower' depends on axioms: [propext, Classical.choice, Quot.sound]
'ZeroFree.certificate_upper' depends on axioms: [propext, Classical.choice, Quot.sound]
'ZeroFree.reference_certificate' depends on axioms: [propext, Classical.choice, Quot.sound]
'ZeroFree.reference_c' depends on axioms: [propext, Classical.choice, Quot.sound]
'ZeroFree.reference_D' depends on axioms: [propext, Classical.choice, Quot.sound]
'ZeroFree.reference_P' depends on axioms: [propext, Classical.choice, Quot.sound]
'ZeroFree.reference_J' depends on axioms: [propext, Classical.choice, Quot.sound]
'ZeroFree.reference_count' depends on axioms: [propext, Classical.choice, Quot.sound]
'ZeroFree.physical_h_range' depends on axioms: [propext, Classical.choice, Quot.sound]
'ZeroFree.cubic_physical_saving' depends on axioms: [propext, Classical.choice, Quot.sound]
'ZeroFree.zeta_buffer_range' depends on axioms: [propext, Classical.choice, Quot.sound]
'ZeroFree.actual_supply' depends on axioms: [propext, Classical.choice, Quot.sound]
'ZeroFree.low_normalizer_identity' depends on axioms: [propext, Classical.choice, Quot.sound]
'ZeroFree.riemannZeta_ne_zero_of_cubic_signal' depends on axioms: [propext, Classical.choice, Quot.sound]
